cargo :     Checking fantasmagorie v0.1.0 (E:\Projects\FantasmagorieRust)
発生場所 行:1 文字:1
+ cargo check --features vulkan --example vulkan_demo 2> build_error.lo ...
+ ~~~~~~~~~~~~~~~~~~~~~~~~~~~~~~~~~~~~~~~~~~~~~~~~~~~~~~~~~~~~~~~~~~~~~
    + CategoryInfo          : NotSpecified: (    Checking fa...tasmagorieRust) 
   :String) [], RemoteException
    + FullyQualifiedErrorId : NativeCommandError
 
warning: unused import: `crate::core::Vec2`
 --> src\view\animation.rs:4:5
  |
4 | use crate::core::Vec2;
  |     ^^^^^^^^^^^^^^^^^
  |
  = note: `#[warn(unused_imports)]` (part of `#[warn(unused)]`) on by default

warning: unused import: `Duration`
  --> src\devtools\profiler.rs:10:17
   |
10 | use std::time::{Duration, Instant};
   |                 ^^^^^^^^

warning: unused import: `std::mem::ManuallyDrop`
  --> src\backend\vulkan.rs:10:5
   |
10 | use std::mem::ManuallyDrop;
   |     ^^^^^^^^^^^^^^^^^^^^^^

error[E0053]: method `render` has an incompatible type for trait
   --> src\backend\vulkan.rs:792:15
    |
792 |     fn render(&self, dl: &DrawList, width: u32, height: u32) {
    |               ^^^^^ types differ in mutability
    |
note: type in trait
   --> src\backend\mod.rs:11:15
    |
 11 |     fn render(&mut self, dl: &DrawList, width: u32, height: u32);
    |               ^^^^^^^^^
    = note: expected signature `fn(&mut VulkanBackend, &DrawList, _, _)`
               found signature `fn(&VulkanBackend, &DrawList, _, _)`
help: change the self-receiver type to match the trait
    |
792 |     fn render(&mut self, dl: &DrawList, width: u32, height: u32) {
    |                +++

warning: unused variable: `desc`
   --> src\core\undo.rs:243:17
    |
243 |             let desc = cmd.description().to_string();
    |                 ^^^^ help: if this is intentional, prefix it with an unde
rscore: `_desc`
    |
    = note: `#[warn(unused_variables)]` (part of `#[warn(unused)]`) on by defau
lt

warning: unused variable: `desc`
   --> src\core\undo.rs:255:17
    |
255 |             let desc = cmd.description().to_string();
    |                 ^^^^ help: if this is intentional, prefix it with an unde
rscore: `_desc`

warning: unused variable: `id`
  --> src\widgets\mod.rs:18:21
   |
18 |     pub fn id(self, id: impl Into<ID>) -> Self {
   |                     ^^ help: if this is intentional, prefix it with an und
erscore: `_id`

warning: variable does not need to be mutable
  --> src\text\markdown.rs:40:9
   |
40 |     let mut flush = |spans: &mut Vec<TextSpan>, in_bold: bool, in_italic: 
bool, buffer: &mut String| {
   |         ----^^^^^
   |         |
   |         help: remove this `mut`
   |
   = note: `#[warn(unused_mut)]` (part of `#[warn(unused)]`) on by default

warning: unused variable: `remainder`
  --> src\text\markdown.rs:89:17
   |
89 |             let remainder = &input[i..]; // Note: byte indexing vs char in
dexing mismatch risk here. 
   |                 ^^^^^^^^^ help: if this is intentional, prefix it with an 
underscore: `_remainder`

warning: unused variable: `rect_loc`
   --> src\backend\opengl.rs:340:13
    |
340 |         let rect_loc = gl.get_uniform_location(program, "u_rect");
    |             ^^^^^^^^ help: if this is intentional, prefix it with an unde
rscore: `_rect_loc`

warning: unused variable: `radii_loc`
   --> src\backend\opengl.rs:341:13
    |
341 |         let radii_loc = gl.get_uniform_location(program, "u_radii");
    |             ^^^^^^^^^ help: if this is intentional, prefix it with an und
erscore: `_radii_loc`

warning: unused variable: `border_width_loc`
   --> src\backend\opengl.rs:342:13
    |
342 |         let border_width_loc = gl.get_uniform_location(program, "u_border
_width");
    |             ^^^^^^^^^^^^^^^^ help: if this is intentional, prefix it with
 an underscore: `_border_width_loc`

warning: unused variable: `border_color_loc`
   --> src\backend\opengl.rs:343:13
    |
343 |         let border_color_loc = gl.get_uniform_location(program, "u_border
_color");
    |             ^^^^^^^^^^^^^^^^ help: if this is intentional, prefix it with
 an underscore: `_border_color_loc`

warning: unused variable: `elevation_loc`
   --> src\backend\opengl.rs:344:13
    |
344 |         let elevation_loc = gl.get_uniform_location(program, "u_elevation
");
    |             ^^^^^^^^^^^^^ help: if this is intentional, prefix it with an
 underscore: `_elevation_loc`

warning: unused variable: `glow_strength_loc`
   --> src\backend\opengl.rs:345:13
    |
345 |         let glow_strength_loc = gl.get_uniform_location(program, "u_glow_
strength");
    |             ^^^^^^^^^^^^^^^^^ help: if this is intentional, prefix it wit
h an underscore: `_glow_strength_loc`

warning: unused variable: `glow_color_loc`
   --> src\backend\opengl.rs:346:13
    |
346 |         let glow_color_loc = gl.get_uniform_location(program, "u_glow_col
or");
    |             ^^^^^^^^^^^^^^ help: if this is intentional, prefix it with a
n underscore: `_glow_color_loc`

warning: unused variable: `is_squircle_loc`
   --> src\backend\opengl.rs:347:13
    |
347 |         let is_squircle_loc = gl.get_uniform_location(program, "u_is_squi
rcle");
    |             ^^^^^^^^^^^^^^^ help: if this is intentional, prefix it with 
an underscore: `_is_squircle_loc`

warning: unused variable: `offset_loc`
   --> src\backend\opengl.rs:348:13
    |
348 |         let offset_loc = gl.get_uniform_location(program, "u_offset");
    |             ^^^^^^^^^^ help: if this is intentional, prefix it with an un
derscore: `_offset_loc`

warning: unused variable: `scale_loc`
   --> src\backend\opengl.rs:349:13
    |
349 |         let scale_loc = gl.get_uniform_location(program, "u_scale");
    |             ^^^^^^^^^ help: if this is intentional, prefix it with an und
erscore: `_scale_loc`

warning: unreachable pattern
   --> src\backend\opengl.rs:827:13
    |
827 |             _ => {}
    |             ^ no value can reach this
    |
note: multiple earlier patterns match some of the same values
   --> src\backend\opengl.rs:827:13
    |
557 |             DrawCommand::PushClip { pos, size } => {
    |             ----------------------------------- matches some of the same 
values
...
562 |             DrawCommand::PopClip => {
    |             -------------------- matches some of the same values
...
565 |             DrawCommand::PushTransform { offset, scale } => {
    |             -------------------------------------------- matches some of 
the same values
...
569 |             DrawCommand::PopTransform => {
    |             ------------------------- matches some of the same values
...
827 |             _ => {}
    |             ^ ...and 9 other patterns collectively make this unreachable
    = note: `#[warn(unreachable_patterns)]` (part of `#[warn(unused)]`) on by d
efault

warning: unused variable: `passes`
   --> src\backend\opengl.rs:660:21
    |
660 |                 let passes = (*sigma as i32).clamp(1, 8);
    |                     ^^^^^^ help: if this is intentional, prefix it with a
n underscore: `_passes`

warning: unused variable: `uv_scale`
   --> src\backend\opengl.rs:661:21
    |
661 |                 let uv_scale = Vec2::new(1.0 / w as f32, 1.0 / h as f32);
    |                     ^^^^^^^^ help: if this is intentional, prefix it with
 an underscore: `_uv_scale`

warning: unnecessary `unsafe` block
   --> src\backend\vulkan.rs:929:26
    |
793 |         unsafe {
    |         ------ because it's nested under this `unsafe` block
...
929 |                          unsafe {
    |                          ^^^^^^ unnecessary `unsafe` block
    |
    = note: `#[warn(unused_unsafe)]` (part of `#[warn(unused)]`) on by default

warning: value assigned to `vb_ptr` is never read
   --> src\backend\vulkan.rs:871:48
    |
871 |                  let mut vb_ptr: *mut Vertex = std::ptr::null_mut();
    |                                                ^^^^^^^^^^^^^^^^^^^^
    |
    = help: maybe it is overwritten before being read?
    = note: `#[warn(unused_assignments)]` (part of `#[warn(unused)]`) on by def
ault

For more information about this error, try `rustc --explain E0053`.
warning: `fantasmagorie` (lib) generated 23 warnings
error: could not compile `fantasmagorie` (lib) due to 1 previous error; 23 warn
ings emitted
